---
source: crates/core/src/query.rs
expression: result.cost
---
Cost {
    rows_processed: 6,
}
