---
source: crates/core/src/query.rs
expression: run_query(&query).unwrap().to_json()
---
[]
