---
source: crates/core/src/query.rs
expression: run_query(&query).unwrap().to_json()
---
[
  {
    "AlbumId": 6,
    "ArtistId": 4,
    "Title": "Jagged Little Pill"
  }
]
