---
source: crates/core/src/lib.rs
expression: run_query(&query)
---
[
  {
    "animal_name": "horse"
  }
]
