---
source: crates/core/src/lib.rs
expression: run_query(&query)
---
[
  {
    "animal_id": 1,
    "animal_name": "horse",
    "species_id": 1
  },
  {
    "animal_id": 2,
    "animal_name": "dog",
    "species_id": 1
  },
  {
    "animal_id": 3,
    "animal_name": "snake",
    "species_id": 2
  }
]
